---
source: src/tui/tests.rs
expression: "render(&picker, &contributors)"
---
"HEAD 01234567  Author: Current Author <current@example.com>                     "
"┌ Commit message ──────────────────────────────────────────────────────────────┐"
"│Improve contributor selection                                                 │"
"│                                                                              │"
"│Show commit context before choosing co-authors.                               │"
"│                                                                              │"
"│                                                                              │"
"│                                                                              │"
"└──────────────────────────────────────────────────────────────────────────────┘"
"┌ Search contributors ─────────────────────────────────────────────────────────┐"
"│▏                                                                             │"
"└──────────────────────────────────────────────────────────────────────────────┘"
"┌ Contributors (3/3) ──────────────────────────────────────────────────────────┐"
"│› [ ] Alice Example <alice@example.com>  10 commits                           │"
"│  [ ] Bob Smith <bob@example.com>  5 commits                                  │"
"│  [ ] Carol Jones <carol@work.test>  2 commits                                │"
"│                                                                              │"
"│                                                                              │"
"│                                                                              │"
"│                                                                              │"
"│                                                                              │"
"│                                                                              │"
"└──────────────────────────────────────────────────────────────────────────────┘"
"↑/↓ move  Space select  Enter continue  Esc cancel                              "
