---
source: src/tui/tests.rs
expression: "render(&picker, &contributors)"
---
"┌ Confirm co-authors ──────────────────────────────────────────────────────────┐"
"│Add these co-authors to HEAD?                                                 │"
"│                                                                              │"
"│Co-authored-by: Alice Example <alice@example.com>                             │"
"│Co-authored-by: Bob Smith <bob@example.com>                                   │"
"│                                                                              │"
"│Amending HEAD will change its commit ID.                                      │"
"│                                                                              │"
"│                                                                              │"
"│                                                                              │"
"│                                                                              │"
"│                                                                              │"
"│                                                                              │"
"│                                                                              │"
"│                                                                              │"
"│                                                                              │"
"│                                                                              │"
"│                                                                              │"
"│                                                                              │"
"│                                                                              │"
"│                                                                              │"
"│                                                                              │"
"└──────────────────────────────────────────────────────────────────────────────┘"
"Enter confirm  Esc back                                                         "
